13:36:38 **** Incremental Build of configuration Debug for project find_max ****
make pre-build main-build 
a9-linaro-pre-build-step
' '
make: Nothing to be done for 'main-build'.
13:37:00 **** Incremental Build of configuration Debug for project find_max ****
make pre-build main-build 
a9-linaro-pre-build-step
' '
make: Nothing to be done for 'main-build'.
13:37:39 **** Auto Build of configuration Debug for project find_max ****
make pre-build main-build 
a9-linaro-pre-build-step
' '
'Building file: ../main.c'
'Invoking: ARM v7 gcc compiler'
arm-none-eabi-gcc -Wall -O0 -g3 -c -fmessage-length=0 -MT"main.o" -mcpu=cortex-a9 -mfpu=vfpv3 -mfloat-abi=hard -I../../find_max_bsp/ps7_cortexa9_0/include -MMD -MP -MF"main.d" -MT"main.o" -o "main.o" "../main.c"
'Finished building: ../main.c'
' '
'Building target: find_max.elf'
'Invoking: ARM v7 gcc linker'
arm-none-eabi-gcc -mcpu=cortex-a9 -mfpu=vfpv3 -mfloat-abi=hard -Wl,-build-id=none -specs=Xilinx.spec -Wl,-T -Wl,../src/lscript.ld -L../../find_max_bsp/ps7_cortexa9_0/lib -o "find_max.elf"  ./main.o ./platform.o ./str_acc.o   -Wl,--start-group,-lxil,-lgcc,-lc,--end-group
'Finished building target: find_max.elf'
' '
'Invoking: ARM v7 Print Size'
arm-none-eabi-size find_max.elf  |tee "find_max.elf.size"
   text	   data	    bss	    dec	    hex	filename
  29804	   1168	  35544	  66516	  103d4	find_max.elf
'Finished building: find_max.elf.size'
' '
13:39:00 **** Auto Build of configuration Debug for project find_max ****
make pre-build main-build 
a9-linaro-pre-build-step
' '
'Building file: ../main.c'
'Invoking: ARM v7 gcc compiler'
arm-none-eabi-gcc -Wall -O0 -g3 -c -fmessage-length=0 -MT"main.o" -mcpu=cortex-a9 -mfpu=vfpv3 -mfloat-abi=hard -I../../find_max_bsp/ps7_cortexa9_0/include -MMD -MP -MF"main.d" -MT"main.o" -o "main.o" "../main.c"
'Finished building: ../main.c'
' '
'Building target: find_max.elf'
'Invoking: ARM v7 gcc linker'
arm-none-eabi-gcc -mcpu=cortex-a9 -mfpu=vfpv3 -mfloat-abi=hard -Wl,-build-id=none -specs=Xilinx.spec -Wl,-T -Wl,../src/lscript.ld -L../../find_max_bsp/ps7_cortexa9_0/lib -o "find_max.elf"  ./main.o ./platform.o ./str_acc.o   -Wl,--start-group,-lxil,-lgcc,-lc,--end-group
'Finished building target: find_max.elf'
' '
'Invoking: ARM v7 Print Size'
arm-none-eabi-size find_max.elf  |tee "find_max.elf.size"
   text	   data	    bss	    dec	    hex	filename
  29804	   1168	  35544	  66516	  103d4	find_max.elf
'Finished building: find_max.elf.size'
' '
13:40:00 **** Incremental Build of configuration Debug for project find_max ****
make pre-build main-build 
a9-linaro-pre-build-step
' '
make: Nothing to be done for 'main-build'.
13:40:06 **** Incremental Build of configuration Debug for project find_max ****
make pre-build main-build 
a9-linaro-pre-build-step
' '
'Building file: ../main.c'
'Invoking: ARM v7 gcc compiler'
arm-none-eabi-gcc -Wall -O0 -g3 -c -fmessage-length=0 -MT"main.o" -mcpu=cortex-a9 -mfpu=vfpv3 -mfloat-abi=hard -I../../find_max_bsp/ps7_cortexa9_0/include -MMD -MP -MF"main.d" -MT"main.o" -o "main.o" "../main.c"
'Finished building: ../main.c'
' '
'Building target: find_max.elf'
'Invoking: ARM v7 gcc linker'
arm-none-eabi-gcc -mcpu=cortex-a9 -mfpu=vfpv3 -mfloat-abi=hard -Wl,-build-id=none -specs=Xilinx.spec -Wl,-T -Wl,../src/lscript.ld -L../../find_max_bsp/ps7_cortexa9_0/lib -o "find_max.elf"  ./main.o ./platform.o ./str_acc.o   -Wl,--start-group,-lxil,-lgcc,-lc,--end-group
'Finished building target: find_max.elf'
' '
'Invoking: ARM v7 Print Size'
arm-none-eabi-size find_max.elf  |tee "find_max.elf.size"
   text	   data	    bss	    dec	    hex	filename
  29804	   1168	  35544	  66516	  103d4	find_max.elf
'Finished building: find_max.elf.size'
' '
14:14:20 **** Auto Build of configuration Debug for project find_max ****
make pre-build main-build 
a9-linaro-pre-build-step
' '
'Building file: ../main.c'
'Invoking: ARM v7 gcc compiler'
arm-none-eabi-gcc -Wall -O0 -g3 -c -fmessage-length=0 -MT"main.o" -mcpu=cortex-a9 -mfpu=vfpv3 -mfloat-abi=hard -I../../find_max_bsp/ps7_cortexa9_0/include -MMD -MP -MF"main.d" -MT"main.o" -o "main.o" "../main.c"
'Finished building: ../main.c'
' '
'Building target: find_max.elf'
'Invoking: ARM v7 gcc linker'
arm-none-eabi-gcc -mcpu=cortex-a9 -mfpu=vfpv3 -mfloat-abi=hard -Wl,-build-id=none -specs=Xilinx.spec -Wl,-T -Wl,../src/lscript.ld -L../../find_max_bsp/ps7_cortexa9_0/lib -o "find_max.elf"  ./main.o ./platform.o ./str_acc.o   -Wl,--start-group,-lxil,-lgcc,-lc,--end-group
'Finished building target: find_max.elf'
' '
'Invoking: ARM v7 Print Size'
arm-none-eabi-size find_max.elf  |tee "find_max.elf.size"
   text	   data	    bss	    dec	    hex	filename
  29804	   1168	  35544	  66516	  103d4	find_max.elf
'Finished building: find_max.elf.size'
' '
