reg__20: 
case__37: 
case__36: 
case__47: 
case__26: 
pselect_f__parameterized2: 
reg__6: 
axi_gpio: 
GPIO_Core: 
logic__6: 
logic__121: 
reg__11: 
reg__28: 
reg__1: 
case__67: 
case__44: 
reg__24: 
logic__76: 
logic__69: 
case__25: 
case__57: 
case__33: 
case: 
case__38: 
logic__163: 
reg__16: 
logic__115: 
case__8: 
logic__97: 
logic__30: 
logic__19: 
logic__70: 
logic__168: 
reg__3: 
reg__5: 
logic__36: 
logic__32: 
case__35: 
reg__29: 
logic__3: 
case__7: 
logic__75: 
logic__27: 
case__2: 
case__60: 
case__46: 
logic__103: 
reg__23: 
case__53: 
pselect_f__parameterized1: 
case__32: 
case__62: 
logic__109: 
case__3: 
reg__22: 
reg__8: 
logic__92: 
signinv: 
case__55: 
case__52: 
logic__20: 
reg__14: 
logic__145: 
case__51: 
case__42: 
logic__83: 
case__65: 
logic__22: 
case__63: 
reg__15: 
case__59: 
logic__77: 
case__50: 
case__66: 
reg__17: 
reg__4: 
case__48: 
datapath: 
logic__31: 
reg__2: 
logic__71: 
reg__9: 
logic__151: 
logic__12: 
axi_lite_ipif: 
reg__18: 
logic__82: 
logic__81: 
case__56: 
reg: 
logic__80: 
logic__23: 
case__45: 
logic: 
case__39: 
case__61: 
case__43: 
logic__86: 
logic__65: 
logic__157: 
case__41: 
case__6: 
case__40: 
case__1: 
logic__133: 
case__58: 
logic__87: 
case__49: 
pselect_f: 
case__27: 
case__64: 
reg__21: 
muxpart: 
reg__25: 
reg__19: 
slave_attachment: 
logic__167: 
reg__27: 
counter: 
reg__26: 
case__34: 
pselect_f__parameterized0: 
case__54: 
logic__139: 
logic__127: 
logic__68: 
reg__7: 
address_decoder: 
logic__13: 
reg__10: 
logic__26: 
mb_design_axi_gpio_0_0: 
logic__164: 
cdc_sync: 
